// Jest Snapshot v1, https://goo.gl/fbAQLP

exports[`Spinner Component should render without crashing 1`] = `
<div>
  <div
    class="flex justify-center items-center"
    data-testid="spinner"
  >
    <div
      class="animate-spin rounded-full h-12 w-12 border-t-2 border-b-2 border-gray-800"
    />
  </div>
</div>
`;
