// Jest Snapshot v1, https://goo.gl/fbAQLP

exports[`Header component renders without crashing 1`] = `
<nav
  class="bg-gray-800 py-4 mb-4"
>
  <div
    class="container mx-auto flex flex-col sm:flex-row justify-between sm:items-center"
  >
    <a
      class="text-white text-2xl font-bold mb-4 sm:mb-0"
      href="/"
    >
      SpaceX Launches
    </a>
    <div
      class="space-x-8"
    >
      <a
        class="text-white text-lg"
        href="/"
      >
        Launches
      </a>
      <a
        class="text-white text-lg"
        href="/favorite-launches"
      >
        Favorite Launches
      </a>
    </div>
  </div>
</nav>
`;
