// Jest Snapshot v1, https://goo.gl/fbAQLP

exports[`Header component renders without crashing 1`] = `
<nav
  class="bg-gray-800 py-4 mb-4"
>
  <div
    class="container mx-auto flex justify-between items-center"
  >
    <a
      class="text-white text-2xl font-bold"
      href="/"
    >
      SpaceX Launches
    </a>
    <a
      class="text-white text-lg"
      href="/favorite-launches"
    >
      Favorite Launches
    </a>
  </div>
</nav>
`;
